  Determining projects to restore...
  All projects are up-to-date for restore.
  GPMS.Common -> C:\Users\ASUS\OneDrive\M├íy t├¡nh\Workspace\Theory\2026_Spring\GraduationProjectManagementSystem\GPMS.Common\bin\Debug\net8.0\GPMS.Common.dll
  GPMS.Domain -> C:\Users\ASUS\OneDrive\M├íy t├¡nh\Workspace\Theory\2026_Spring\GraduationProjectManagementSystem\GPMS.Domain\bin\Debug\net8.0\GPMS.Domain.dll
C:\Users\ASUS\OneDrive\M├íy t├¡nh\Workspace\Theory\2026_Spring\GraduationProjectManagementSystem\GPMS.Application\Services\LecturerService.cs(256,40): error CS1061: 'Evaluation' does not contain a definition for 'TotalScore' and no accessible extension method 'TotalScore' accepting a first argument of type 'Evaluation' could be found (are you missing a using directive or an assembly reference?) [C:\Users\ASUS\OneDrive\M├íy t├¡nh\Workspace\Theory\2026_Spring\GraduationProjectManagementSystem\GPMS.Application\GPMS.Application.csproj]
C:\Users\ASUS\OneDrive\M├íy t├¡nh\Workspace\Theory\2026_Spring\GraduationProjectManagementSystem\GPMS.Application\Services\ProjectService.cs(422,30): warning CS0168: The variable 'ex' is declared but never used [C:\Users\ASUS\OneDrive\M├íy t├¡nh\Workspace\Theory\2026_Spring\GraduationProjectManagementSystem\GPMS.Application\GPMS.Application.csproj]
C:\Users\ASUS\OneDrive\M├íy t├¡nh\Workspace\Theory\2026_Spring\GraduationProjectManagementSystem\GPMS.Application\Services\LecturerService.cs(330,37): error CS1061: 'Evaluation' does not contain a definition for 'TotalScore' and no accessible extension method 'TotalScore' accepting a first argument of type 'Evaluation' could be found (are you missing a using directive or an assembly reference?) [C:\Users\ASUS\OneDrive\M├íy t├¡nh\Workspace\Theory\2026_Spring\GraduationProjectManagementSystem\GPMS.Application\GPMS.Application.csproj]
C:\Users\ASUS\OneDrive\M├íy t├¡nh\Workspace\Theory\2026_Spring\GraduationProjectManagementSystem\GPMS.Application\Services\LecturerService.cs(331,74): error CS1061: 'ChecklistItem' does not contain a definition for 'MaxScore' and no accessible extension method 'MaxScore' accepting a first argument of type 'ChecklistItem' could be found (are you missing a using directive or an assembly reference?) [C:\Users\ASUS\OneDrive\M├íy t├¡nh\Workspace\Theory\2026_Spring\GraduationProjectManagementSystem\GPMS.Application\GPMS.Application.csproj]
C:\Users\ASUS\OneDrive\M├íy t├¡nh\Workspace\Theory\2026_Spring\GraduationProjectManagementSystem\GPMS.Application\Services\LecturerService.cs(340,42): error CS1061: 'ChecklistItem' does not contain a definition for 'SectionCode' and no accessible extension method 'SectionCode' accepting a first argument of type 'ChecklistItem' could be found (are you missing a using directive or an assembly reference?) [C:\Users\ASUS\OneDrive\M├íy t├¡nh\Workspace\Theory\2026_Spring\GraduationProjectManagementSystem\GPMS.Application\GPMS.Application.csproj]
C:\Users\ASUS\OneDrive\M├íy t├¡nh\Workspace\Theory\2026_Spring\GraduationProjectManagementSystem\GPMS.Application\Services\LecturerService.cs(341,43): error CS1061: 'ChecklistItem' does not contain a definition for 'SectionTitle' and no accessible extension method 'SectionTitle' accepting a first argument of type 'ChecklistItem' could be found (are you missing a using directive or an assembly reference?) [C:\Users\ASUS\OneDrive\M├íy t├¡nh\Workspace\Theory\2026_Spring\GraduationProjectManagementSystem\GPMS.Application\GPMS.Application.csproj]
C:\Users\ASUS\OneDrive\M├íy t├¡nh\Workspace\Theory\2026_Spring\GraduationProjectManagementSystem\GPMS.Application\Services\LecturerService.cs(342,44): error CS1061: 'ChecklistItem' does not contain a definition for 'PriorityLabel' and no accessible extension method 'PriorityLabel' accepting a first argument of type 'ChecklistItem' could be found (are you missing a using directive or an assembly reference?) [C:\Users\ASUS\OneDrive\M├íy t├¡nh\Workspace\Theory\2026_Spring\GraduationProjectManagementSystem\GPMS.Application\GPMS.Application.csproj]
C:\Users\ASUS\OneDrive\M├íy t├¡nh\Workspace\Theory\2026_Spring\GraduationProjectManagementSystem\GPMS.Application\Services\LecturerService.cs(343,40): error CS1061: 'ChecklistItem' does not contain a definition for 'InputType' and no accessible extension method 'InputType' accepting a first argument of type 'ChecklistItem' could be found (are you missing a using directive or an assembly reference?) [C:\Users\ASUS\OneDrive\M├íy t├¡nh\Workspace\Theory\2026_Spring\GraduationProjectManagementSystem\GPMS.Application\GPMS.Application.csproj]
C:\Users\ASUS\OneDrive\M├íy t├¡nh\Workspace\Theory\2026_Spring\GraduationProjectManagementSystem\GPMS.Application\Services\LecturerService.cs(344,41): error CS1061: 'EvaluationDetail' does not contain a definition for 'AssessmentValue' and no accessible extension method 'AssessmentValue' accepting a first argument of type 'EvaluationDetail' could be found (are you missing a using directive or an assembly reference?) [C:\Users\ASUS\OneDrive\M├íy t├¡nh\Workspace\Theory\2026_Spring\GraduationProjectManagementSystem\GPMS.Application\GPMS.Application.csproj]
C:\Users\ASUS\OneDrive\M├íy t├¡nh\Workspace\Theory\2026_Spring\GraduationProjectManagementSystem\GPMS.Application\Services\LecturerService.cs(345,31): error CS1061: 'EvaluationDetail' does not contain a definition for 'Score' and no accessible extension method 'Score' accepting a first argument of type 'EvaluationDetail' could be found (are you missing a using directive or an assembly reference?) [C:\Users\ASUS\OneDrive\M├íy t├¡nh\Workspace\Theory\2026_Spring\GraduationProjectManagementSystem\GPMS.Application\GPMS.Application.csproj]
C:\Users\ASUS\OneDrive\M├íy t├¡nh\Workspace\Theory\2026_Spring\GraduationProjectManagementSystem\GPMS.Application\Services\LecturerService.cs(346,39): error CS1061: 'ChecklistItem' does not contain a definition for 'MaxScore' and no accessible extension method 'MaxScore' accepting a first argument of type 'ChecklistItem' could be found (are you missing a using directive or an assembly reference?) [C:\Users\ASUS\OneDrive\M├íy t├¡nh\Workspace\Theory\2026_Spring\GraduationProjectManagementSystem\GPMS.Application\GPMS.Application.csproj]
C:\Users\ASUS\OneDrive\M├íy t├¡nh\Workspace\Theory\2026_Spring\GraduationProjectManagementSystem\GPMS.Application\Services\LecturerService.cs(347,47): error CS1061: 'ChecklistItem' does not contain a definition for 'Weight' and no accessible extension method 'Weight' accepting a first argument of type 'ChecklistItem' could be found (are you missing a using directive or an assembly reference?) [C:\Users\ASUS\OneDrive\M├íy t├¡nh\Workspace\Theory\2026_Spring\GraduationProjectManagementSystem\GPMS.Application\GPMS.Application.csproj]
C:\Users\ASUS\OneDrive\M├íy t├¡nh\Workspace\Theory\2026_Spring\GraduationProjectManagementSystem\GPMS.Application\Services\LecturerService.cs(351,46): error CS1061: 'ChecklistItem' does not contain a definition for 'ExcellentRubric' and no accessible extension method 'ExcellentRubric' accepting a first argument of type 'ChecklistItem' could be found (are you missing a using directive or an assembly reference?) [C:\Users\ASUS\OneDrive\M├íy t├¡nh\Workspace\Theory\2026_Spring\GraduationProjectManagementSystem\GPMS.Application\GPMS.Application.csproj]
C:\Users\ASUS\OneDrive\M├íy t├¡nh\Workspace\Theory\2026_Spring\GraduationProjectManagementSystem\GPMS.Application\Services\LecturerService.cs(352,41): error CS1061: 'ChecklistItem' does not contain a definition for 'GoodRubric' and no accessible extension method 'GoodRubric' accepting a first argument of type 'ChecklistItem' could be found (are you missing a using directive or an assembly reference?) [C:\Users\ASUS\OneDrive\M├íy t├¡nh\Workspace\Theory\2026_Spring\GraduationProjectManagementSystem\GPMS.Application\GPMS.Application.csproj]
C:\Users\ASUS\OneDrive\M├íy t├¡nh\Workspace\Theory\2026_Spring\GraduationProjectManagementSystem\GPMS.Application\Services\LecturerService.cs(353,47): error CS1061: 'ChecklistItem' does not contain a definition for 'AcceptableRubric' and no accessible extension method 'AcceptableRubric' accepting a first argument of type 'ChecklistItem' could be found (are you missing a using directive or an assembly reference?) [C:\Users\ASUS\OneDrive\M├íy t├¡nh\Workspace\Theory\2026_Spring\GraduationProjectManagementSystem\GPMS.Application\GPMS.Application.csproj]
C:\Users\ASUS\OneDrive\M├íy t├¡nh\Workspace\Theory\2026_Spring\GraduationProjectManagementSystem\GPMS.Application\Services\LecturerService.cs(354,41): error CS1061: 'ChecklistItem' does not contain a definition for 'FailRubric' and no accessible extension method 'FailRubric' accepting a first argument of type 'ChecklistItem' could be found (are you missing a using directive or an assembly reference?) [C:\Users\ASUS\OneDrive\M├íy t├¡nh\Workspace\Theory\2026_Spring\GraduationProjectManagementSystem\GPMS.Application\GPMS.Application.csproj]
C:\Users\ASUS\OneDrive\M├íy t├¡nh\Workspace\Theory\2026_Spring\GraduationProjectManagementSystem\GPMS.Application\Services\LecturerService.cs(451,32): error CS1061: 'Evaluation' does not contain a definition for 'TotalScore' and no accessible extension method 'TotalScore' accepting a first argument of type 'Evaluation' could be found (are you missing a using directive or an assembly reference?) [C:\Users\ASUS\OneDrive\M├íy t├¡nh\Workspace\Theory\2026_Spring\GraduationProjectManagementSystem\GPMS.Application\GPMS.Application.csproj]
C:\Users\ASUS\OneDrive\M├íy t├¡nh\Workspace\Theory\2026_Spring\GraduationProjectManagementSystem\GPMS.Application\Services\LecturerService.cs(526,38): error CS1061: 'ChecklistItem' does not contain a definition for 'SectionCode' and no accessible extension method 'SectionCode' accepting a first argument of type 'ChecklistItem' could be found (are you missing a using directive or an assembly reference?) [C:\Users\ASUS\OneDrive\M├íy t├¡nh\Workspace\Theory\2026_Spring\GraduationProjectManagementSystem\GPMS.Application\GPMS.Application.csproj]
C:\Users\ASUS\OneDrive\M├íy t├¡nh\Workspace\Theory\2026_Spring\GraduationProjectManagementSystem\GPMS.Application\Services\LecturerService.cs(527,39): error CS1061: 'ChecklistItem' does not contain a definition for 'SectionTitle' and no accessible extension method 'SectionTitle' accepting a first argument of type 'ChecklistItem' could be found (are you missing a using directive or an assembly reference?) [C:\Users\ASUS\OneDrive\M├íy t├¡nh\Workspace\Theory\2026_Spring\GraduationProjectManagementSystem\GPMS.Application\GPMS.Application.csproj]
C:\Users\ASUS\OneDrive\M├íy t├¡nh\Workspace\Theory\2026_Spring\GraduationProjectManagementSystem\GPMS.Application\Services\LecturerService.cs(528,40): error CS1061: 'ChecklistItem' does not contain a definition for 'PriorityLabel' and no accessible extension method 'PriorityLabel' accepting a first argument of type 'ChecklistItem' could be found (are you missing a using directive or an assembly reference?) [C:\Users\ASUS\OneDrive\M├íy t├¡nh\Workspace\Theory\2026_Spring\GraduationProjectManagementSystem\GPMS.Application\GPMS.Application.csproj]
C:\Users\ASUS\OneDrive\M├íy t├¡nh\Workspace\Theory\2026_Spring\GraduationProjectManagementSystem\GPMS.Application\Services\LecturerService.cs(529,36): error CS1061: 'ChecklistItem' does not contain a definition for 'InputType' and no accessible extension method 'InputType' accepting a first argument of type 'ChecklistItem' could be found (are you missing a using directive or an assembly reference?) [C:\Users\ASUS\OneDrive\M├íy t├¡nh\Workspace\Theory\2026_Spring\GraduationProjectManagementSystem\GPMS.Application\GPMS.Application.csproj]
C:\Users\ASUS\OneDrive\M├íy t├¡nh\Workspace\Theory\2026_Spring\GraduationProjectManagementSystem\GPMS.Application\Services\LecturerService.cs(530,35): error CS1061: 'ChecklistItem' does not contain a definition for 'MaxScore' and no accessible extension method 'MaxScore' accepting a first argument of type 'ChecklistItem' could be found (are you missing a using directive or an assembly reference?) [C:\Users\ASUS\OneDrive\M├íy t├¡nh\Workspace\Theory\2026_Spring\GraduationProjectManagementSystem\GPMS.Application\GPMS.Application.csproj]
C:\Users\ASUS\OneDrive\M├íy t├¡nh\Workspace\Theory\2026_Spring\GraduationProjectManagementSystem\GPMS.Application\Services\LecturerService.cs(531,33): error CS1061: 'ChecklistItem' does not contain a definition for 'Weight' and no accessible extension method 'Weight' accepting a first argument of type 'ChecklistItem' could be found (are you missing a using directive or an assembly reference?) [C:\Users\ASUS\OneDrive\M├íy t├¡nh\Workspace\Theory\2026_Spring\GraduationProjectManagementSystem\GPMS.Application\GPMS.Application.csproj]
C:\Users\ASUS\OneDrive\M├íy t├¡nh\Workspace\Theory\2026_Spring\GraduationProjectManagementSystem\GPMS.Application\Services\LecturerService.cs(532,42): error CS1061: 'ChecklistItem' does not contain a definition for 'ExcellentRubric' and no accessible extension method 'ExcellentRubric' accepting a first argument of type 'ChecklistItem' could be found (are you missing a using directive or an assembly reference?) [C:\Users\ASUS\OneDrive\M├íy t├¡nh\Workspace\Theory\2026_Spring\GraduationProjectManagementSystem\GPMS.Application\GPMS.Application.csproj]
C:\Users\ASUS\OneDrive\M├íy t├¡nh\Workspace\Theory\2026_Spring\GraduationProjectManagementSystem\GPMS.Application\Services\LecturerService.cs(533,37): error CS1061: 'ChecklistItem' does not contain a definition for 'GoodRubric' and no accessible extension method 'GoodRubric' accepting a first argument of type 'ChecklistItem' could be found (are you missing a using directive or an assembly reference?) [C:\Users\ASUS\OneDrive\M├íy t├¡nh\Workspace\Theory\2026_Spring\GraduationProjectManagementSystem\GPMS.Application\GPMS.Application.csproj]
C:\Users\ASUS\OneDrive\M├íy t├¡nh\Workspace\Theory\2026_Spring\GraduationProjectManagementSystem\GPMS.Application\Services\LecturerService.cs(534,43): error CS1061: 'ChecklistItem' does not contain a definition for 'AcceptableRubric' and no accessible extension method 'AcceptableRubric' accepting a first argument of type 'ChecklistItem' could be found (are you missing a using directive or an assembly reference?) [C:\Users\ASUS\OneDrive\M├íy t├¡nh\Workspace\Theory\2026_Spring\GraduationProjectManagementSystem\GPMS.Application\GPMS.Application.csproj]
C:\Users\ASUS\OneDrive\M├íy t├¡nh\Workspace\Theory\2026_Spring\GraduationProjectManagementSystem\GPMS.Application\Services\LecturerService.cs(535,37): error CS1061: 'ChecklistItem' does not contain a definition for 'FailRubric' and no accessible extension method 'FailRubric' accepting a first argument of type 'ChecklistItem' could be found (are you missing a using directive or an assembly reference?) [C:\Users\ASUS\OneDrive\M├íy t├¡nh\Workspace\Theory\2026_Spring\GraduationProjectManagementSystem\GPMS.Application\GPMS.Application.csproj]
C:\Users\ASUS\OneDrive\M├íy t├¡nh\Workspace\Theory\2026_Spring\GraduationProjectManagementSystem\GPMS.Application\Services\LecturerService.cs(544,31): error CS1061: 'EvaluationDetail' does not contain a definition for 'Score' and no accessible extension method 'Score' accepting a first argument of type 'EvaluationDetail' could be found (are you missing a using directive or an assembly reference?) [C:\Users\ASUS\OneDrive\M├íy t├¡nh\Workspace\Theory\2026_Spring\GraduationProjectManagementSystem\GPMS.Application\GPMS.Application.csproj]
C:\Users\ASUS\OneDrive\M├íy t├¡nh\Workspace\Theory\2026_Spring\GraduationProjectManagementSystem\GPMS.Application\Services\LecturerService.cs(545,41): error CS1061: 'EvaluationDetail' does not contain a definition for 'AssessmentValue' and no accessible extension method 'AssessmentValue' accepting a first argument of type 'EvaluationDetail' could be found (are you missing a using directive or an assembly reference?) [C:\Users\ASUS\OneDrive\M├íy t├¡nh\Workspace\Theory\2026_Spring\GraduationProjectManagementSystem\GPMS.Application\GPMS.Application.csproj]
C:\Users\ASUS\OneDrive\M├íy t├¡nh\Workspace\Theory\2026_Spring\GraduationProjectManagementSystem\GPMS.Application\Services\LecturerService.cs(591,22): error CS1061: 'ChecklistItem' does not contain a definition for 'InputType' and no accessible extension method 'InputType' accepting a first argument of type 'ChecklistItem' could be found (are you missing a using directive or an assembly reference?) [C:\Users\ASUS\OneDrive\M├íy t├¡nh\Workspace\Theory\2026_Spring\GraduationProjectManagementSystem\GPMS.Application\GPMS.Application.csproj]
C:\Users\ASUS\OneDrive\M├íy t├¡nh\Workspace\Theory\2026_Spring\GraduationProjectManagementSystem\GPMS.Application\Services\LecturerService.cs(627,17): error CS0117: 'Evaluation' does not contain a definition for 'TotalScore' [C:\Users\ASUS\OneDrive\M├íy t├¡nh\Workspace\Theory\2026_Spring\GraduationProjectManagementSystem\GPMS.Application\GPMS.Application.csproj]
C:\Users\ASUS\OneDrive\M├íy t├¡nh\Workspace\Theory\2026_Spring\GraduationProjectManagementSystem\GPMS.Application\Services\LecturerService.cs(633,21): error CS0117: 'EvaluationDetail' does not contain a definition for 'Score' [C:\Users\ASUS\OneDrive\M├íy t├¡nh\Workspace\Theory\2026_Spring\GraduationProjectManagementSystem\GPMS.Application\GPMS.Application.csproj]
C:\Users\ASUS\OneDrive\M├íy t├¡nh\Workspace\Theory\2026_Spring\GraduationProjectManagementSystem\GPMS.Application\Services\LecturerService.cs(634,21): error CS0117: 'EvaluationDetail' does not contain a definition for 'AssessmentValue' [C:\Users\ASUS\OneDrive\M├íy t├¡nh\Workspace\Theory\2026_Spring\GraduationProjectManagementSystem\GPMS.Application\GPMS.Application.csproj]
C:\Users\ASUS\OneDrive\M├íy t├¡nh\Workspace\Theory\2026_Spring\GraduationProjectManagementSystem\GPMS.Application\Services\LecturerService.cs(664,28): error CS1061: 'Evaluation' does not contain a definition for 'TotalScore' and no accessible extension method 'TotalScore' accepting a first argument of type 'Evaluation' could be found (are you missing a using directive or an assembly reference?) [C:\Users\ASUS\OneDrive\M├íy t├¡nh\Workspace\Theory\2026_Spring\GraduationProjectManagementSystem\GPMS.Application\GPMS.Application.csproj]
C:\Users\ASUS\OneDrive\M├íy t├¡nh\Workspace\Theory\2026_Spring\GraduationProjectManagementSystem\GPMS.Application\Services\LecturerService.cs(677,21): error CS0117: 'EvaluationDetail' does not contain a definition for 'Score' [C:\Users\ASUS\OneDrive\M├íy t├¡nh\Workspace\Theory\2026_Spring\GraduationProjectManagementSystem\GPMS.Application\GPMS.Application.csproj]
C:\Users\ASUS\OneDrive\M├íy t├¡nh\Workspace\Theory\2026_Spring\GraduationProjectManagementSystem\GPMS.Application\Services\LecturerService.cs(678,21): error CS0117: 'EvaluationDetail' does not contain a definition for 'AssessmentValue' [C:\Users\ASUS\OneDrive\M├íy t├¡nh\Workspace\Theory\2026_Spring\GraduationProjectManagementSystem\GPMS.Application\GPMS.Application.csproj]
C:\Users\ASUS\OneDrive\M├íy t├¡nh\Workspace\Theory\2026_Spring\GraduationProjectManagementSystem\GPMS.Application\Services\LecturerService.cs(685,24): error CS1061: 'EvaluationDetail' does not contain a definition for 'Score' and no accessible extension method 'Score' accepting a first argument of type 'EvaluationDetail' could be found (are you missing a using directive or an assembly reference?) [C:\Users\ASUS\OneDrive\M├íy t├¡nh\Workspace\Theory\2026_Spring\GraduationProjectManagementSystem\GPMS.Application\GPMS.Application.csproj]
C:\Users\ASUS\OneDrive\M├íy t├¡nh\Workspace\Theory\2026_Spring\GraduationProjectManagementSystem\GPMS.Application\Services\LecturerService.cs(686,24): error CS1061: 'EvaluationDetail' does not contain a definition for 'AssessmentValue' and no accessible extension method 'AssessmentValue' accepting a first argument of type 'EvaluationDetail' could be found (are you missing a using directive or an assembly reference?) [C:\Users\ASUS\OneDrive\M├íy t├¡nh\Workspace\Theory\2026_Spring\GraduationProjectManagementSystem\GPMS.Application\GPMS.Application.csproj]
C:\Users\ASUS\OneDrive\M├íy t├¡nh\Workspace\Theory\2026_Spring\GraduationProjectManagementSystem\GPMS.Application\Services\LecturerService.cs(766,9): warning CS8602: Dereference of a possibly null reference. [C:\Users\ASUS\OneDrive\M├íy t├¡nh\Workspace\Theory\2026_Spring\GraduationProjectManagementSystem\GPMS.Application\GPMS.Application.csproj]
C:\Users\ASUS\OneDrive\M├íy t├¡nh\Workspace\Theory\2026_Spring\GraduationProjectManagementSystem\GPMS.Application\Services\LecturerService.cs(1058,21): error CS1061: 'ChecklistItem' does not contain a definition for 'InputType' and no accessible extension method 'InputType' accepting a first argument of type 'ChecklistItem' could be found (are you missing a using directive or an assembly reference?) [C:\Users\ASUS\OneDrive\M├íy t├¡nh\Workspace\Theory\2026_Spring\GraduationProjectManagementSystem\GPMS.Application\GPMS.Application.csproj]
C:\Users\ASUS\OneDrive\M├íy t├¡nh\Workspace\Theory\2026_Spring\GraduationProjectManagementSystem\GPMS.Application\Services\LecturerService.cs(1074,32): error CS1061: 'ChecklistItem' does not contain a definition for 'MaxScore' and no accessible extension method 'MaxScore' accepting a first argument of type 'ChecklistItem' could be found (are you missing a using directive or an assembly reference?) [C:\Users\ASUS\OneDrive\M├íy t├¡nh\Workspace\Theory\2026_Spring\GraduationProjectManagementSystem\GPMS.Application\GPMS.Application.csproj]
C:\Users\ASUS\OneDrive\M├íy t├¡nh\Workspace\Theory\2026_Spring\GraduationProjectManagementSystem\GPMS.Application\Services\LecturerService.cs(1082,25): error CS1061: 'ChecklistItem' does not contain a definition for 'InputType' and no accessible extension method 'InputType' accepting a first argument of type 'ChecklistItem' could be found (are you missing a using directive or an assembly reference?) [C:\Users\ASUS\OneDrive\M├íy t├¡nh\Workspace\Theory\2026_Spring\GraduationProjectManagementSystem\GPMS.Application\GPMS.Application.csproj]
C:\Users\ASUS\OneDrive\M├íy t├¡nh\Workspace\Theory\2026_Spring\GraduationProjectManagementSystem\GPMS.Application\Services\LecturerService.cs(1085,21): error CS1061: 'ChecklistItem' does not contain a definition for 'InputType' and no accessible extension method 'InputType' accepting a first argument of type 'ChecklistItem' could be found (are you missing a using directive or an assembly reference?) [C:\Users\ASUS\OneDrive\M├íy t├¡nh\Workspace\Theory\2026_Spring\GraduationProjectManagementSystem\GPMS.Application\GPMS.Application.csproj]
C:\Users\ASUS\OneDrive\M├íy t├¡nh\Workspace\Theory\2026_Spring\GraduationProjectManagementSystem\GPMS.Application\Services\LecturerService.cs(1103,33): error CS1061: 'ChecklistItem' does not contain a definition for 'ExcellentRubric' and no accessible extension method 'ExcellentRubric' accepting a first argument of type 'ChecklistItem' could be found (are you missing a using directive or an assembly reference?) [C:\Users\ASUS\OneDrive\M├íy t├¡nh\Workspace\Theory\2026_Spring\GraduationProjectManagementSystem\GPMS.Application\GPMS.Application.csproj]
C:\Users\ASUS\OneDrive\M├íy t├¡nh\Workspace\Theory\2026_Spring\GraduationProjectManagementSystem\GPMS.Application\Services\LecturerService.cs(1104,28): error CS1061: 'ChecklistItem' does not contain a definition for 'GoodRubric' and no accessible extension method 'GoodRubric' accepting a first argument of type 'ChecklistItem' could be found (are you missing a using directive or an assembly reference?) [C:\Users\ASUS\OneDrive\M├íy t├¡nh\Workspace\Theory\2026_Spring\GraduationProjectManagementSystem\GPMS.Application\GPMS.Application.csproj]
C:\Users\ASUS\OneDrive\M├íy t├¡nh\Workspace\Theory\2026_Spring\GraduationProjectManagementSystem\GPMS.Application\Services\LecturerService.cs(1105,34): error CS1061: 'ChecklistItem' does not contain a definition for 'AcceptableRubric' and no accessible extension method 'AcceptableRubric' accepting a first argument of type 'ChecklistItem' could be found (are you missing a using directive or an assembly reference?) [C:\Users\ASUS\OneDrive\M├íy t├¡nh\Workspace\Theory\2026_Spring\GraduationProjectManagementSystem\GPMS.Application\GPMS.Application.csproj]
C:\Users\ASUS\OneDrive\M├íy t├¡nh\Workspace\Theory\2026_Spring\GraduationProjectManagementSystem\GPMS.Application\Services\LecturerService.cs(1106,28): error CS1061: 'ChecklistItem' does not contain a definition for 'FailRubric' and no accessible extension method 'FailRubric' accepting a first argument of type 'ChecklistItem' could be found (are you missing a using directive or an assembly reference?) [C:\Users\ASUS\OneDrive\M├íy t├¡nh\Workspace\Theory\2026_Spring\GraduationProjectManagementSystem\GPMS.Application\GPMS.Application.csproj]

Build FAILED.

C:\Users\ASUS\OneDrive\M├íy t├¡nh\Workspace\Theory\2026_Spring\GraduationProjectManagementSystem\GPMS.Application\Services\ProjectService.cs(422,30): warning CS0168: The variable 'ex' is declared but never used [C:\Users\ASUS\OneDrive\M├íy t├¡nh\Workspace\Theory\2026_Spring\GraduationProjectManagementSystem\GPMS.Application\GPMS.Application.csproj]
C:\Users\ASUS\OneDrive\M├íy t├¡nh\Workspace\Theory\2026_Spring\GraduationProjectManagementSystem\GPMS.Application\Services\LecturerService.cs(766,9): warning CS8602: Dereference of a possibly null reference. [C:\Users\ASUS\OneDrive\M├íy t├¡nh\Workspace\Theory\2026_Spring\GraduationProjectManagementSystem\GPMS.Application\GPMS.Application.csproj]
C:\Users\ASUS\OneDrive\M├íy t├¡nh\Workspace\Theory\2026_Spring\GraduationProjectManagementSystem\GPMS.Application\Services\LecturerService.cs(256,40): error CS1061: 'Evaluation' does not contain a definition for 'TotalScore' and no accessible extension method 'TotalScore' accepting a first argument of type 'Evaluation' could be found (are you missing a using directive or an assembly reference?) [C:\Users\ASUS\OneDrive\M├íy t├¡nh\Workspace\Theory\2026_Spring\GraduationProjectManagementSystem\GPMS.Application\GPMS.Application.csproj]
C:\Users\ASUS\OneDrive\M├íy t├¡nh\Workspace\Theory\2026_Spring\GraduationProjectManagementSystem\GPMS.Application\Services\LecturerService.cs(330,37): error CS1061: 'Evaluation' does not contain a definition for 'TotalScore' and no accessible extension method 'TotalScore' accepting a first argument of type 'Evaluation' could be found (are you missing a using directive or an assembly reference?) [C:\Users\ASUS\OneDrive\M├íy t├¡nh\Workspace\Theory\2026_Spring\GraduationProjectManagementSystem\GPMS.Application\GPMS.Application.csproj]
C:\Users\ASUS\OneDrive\M├íy t├¡nh\Workspace\Theory\2026_Spring\GraduationProjectManagementSystem\GPMS.Application\Services\LecturerService.cs(331,74): error CS1061: 'ChecklistItem' does not contain a definition for 'MaxScore' and no accessible extension method 'MaxScore' accepting a first argument of type 'ChecklistItem' could be found (are you missing a using directive or an assembly reference?) [C:\Users\ASUS\OneDrive\M├íy t├¡nh\Workspace\Theory\2026_Spring\GraduationProjectManagementSystem\GPMS.Application\GPMS.Application.csproj]
C:\Users\ASUS\OneDrive\M├íy t├¡nh\Workspace\Theory\2026_Spring\GraduationProjectManagementSystem\GPMS.Application\Services\LecturerService.cs(340,42): error CS1061: 'ChecklistItem' does not contain a definition for 'SectionCode' and no accessible extension method 'SectionCode' accepting a first argument of type 'ChecklistItem' could be found (are you missing a using directive or an assembly reference?) [C:\Users\ASUS\OneDrive\M├íy t├¡nh\Workspace\Theory\2026_Spring\GraduationProjectManagementSystem\GPMS.Application\GPMS.Application.csproj]
C:\Users\ASUS\OneDrive\M├íy t├¡nh\Workspace\Theory\2026_Spring\GraduationProjectManagementSystem\GPMS.Application\Services\LecturerService.cs(341,43): error CS1061: 'ChecklistItem' does not contain a definition for 'SectionTitle' and no accessible extension method 'SectionTitle' accepting a first argument of type 'ChecklistItem' could be found (are you missing a using directive or an assembly reference?) [C:\Users\ASUS\OneDrive\M├íy t├¡nh\Workspace\Theory\2026_Spring\GraduationProjectManagementSystem\GPMS.Application\GPMS.Application.csproj]
C:\Users\ASUS\OneDrive\M├íy t├¡nh\Workspace\Theory\2026_Spring\GraduationProjectManagementSystem\GPMS.Application\Services\LecturerService.cs(342,44): error CS1061: 'ChecklistItem' does not contain a definition for 'PriorityLabel' and no accessible extension method 'PriorityLabel' accepting a first argument of type 'ChecklistItem' could be found (are you missing a using directive or an assembly reference?) [C:\Users\ASUS\OneDrive\M├íy t├¡nh\Workspace\Theory\2026_Spring\GraduationProjectManagementSystem\GPMS.Application\GPMS.Application.csproj]
C:\Users\ASUS\OneDrive\M├íy t├¡nh\Workspace\Theory\2026_Spring\GraduationProjectManagementSystem\GPMS.Application\Services\LecturerService.cs(343,40): error CS1061: 'ChecklistItem' does not contain a definition for 'InputType' and no accessible extension method 'InputType' accepting a first argument of type 'ChecklistItem' could be found (are you missing a using directive or an assembly reference?) [C:\Users\ASUS\OneDrive\M├íy t├¡nh\Workspace\Theory\2026_Spring\GraduationProjectManagementSystem\GPMS.Application\GPMS.Application.csproj]
C:\Users\ASUS\OneDrive\M├íy t├¡nh\Workspace\Theory\2026_Spring\GraduationProjectManagementSystem\GPMS.Application\Services\LecturerService.cs(344,41): error CS1061: 'EvaluationDetail' does not contain a definition for 'AssessmentValue' and no accessible extension method 'AssessmentValue' accepting a first argument of type 'EvaluationDetail' could be found (are you missing a using directive or an assembly reference?) [C:\Users\ASUS\OneDrive\M├íy t├¡nh\Workspace\Theory\2026_Spring\GraduationProjectManagementSystem\GPMS.Application\GPMS.Application.csproj]
C:\Users\ASUS\OneDrive\M├íy t├¡nh\Workspace\Theory\2026_Spring\GraduationProjectManagementSystem\GPMS.Application\Services\LecturerService.cs(345,31): error CS1061: 'EvaluationDetail' does not contain a definition for 'Score' and no accessible extension method 'Score' accepting a first argument of type 'EvaluationDetail' could be found (are you missing a using directive or an assembly reference?) [C:\Users\ASUS\OneDrive\M├íy t├¡nh\Workspace\Theory\2026_Spring\GraduationProjectManagementSystem\GPMS.Application\GPMS.Application.csproj]
C:\Users\ASUS\OneDrive\M├íy t├¡nh\Workspace\Theory\2026_Spring\GraduationProjectManagementSystem\GPMS.Application\Services\LecturerService.cs(346,39): error CS1061: 'ChecklistItem' does not contain a definition for 'MaxScore' and no accessible extension method 'MaxScore' accepting a first argument of type 'ChecklistItem' could be found (are you missing a using directive or an assembly reference?) [C:\Users\ASUS\OneDrive\M├íy t├¡nh\Workspace\Theory\2026_Spring\GraduationProjectManagementSystem\GPMS.Application\GPMS.Application.csproj]
C:\Users\ASUS\OneDrive\M├íy t├¡nh\Workspace\Theory\2026_Spring\GraduationProjectManagementSystem\GPMS.Application\Services\LecturerService.cs(347,47): error CS1061: 'ChecklistItem' does not contain a definition for 'Weight' and no accessible extension method 'Weight' accepting a first argument of type 'ChecklistItem' could be found (are you missing a using directive or an assembly reference?) [C:\Users\ASUS\OneDrive\M├íy t├¡nh\Workspace\Theory\2026_Spring\GraduationProjectManagementSystem\GPMS.Application\GPMS.Application.csproj]
C:\Users\ASUS\OneDrive\M├íy t├¡nh\Workspace\Theory\2026_Spring\GraduationProjectManagementSystem\GPMS.Application\Services\LecturerService.cs(351,46): error CS1061: 'ChecklistItem' does not contain a definition for 'ExcellentRubric' and no accessible extension method 'ExcellentRubric' accepting a first argument of type 'ChecklistItem' could be found (are you missing a using directive or an assembly reference?) [C:\Users\ASUS\OneDrive\M├íy t├¡nh\Workspace\Theory\2026_Spring\GraduationProjectManagementSystem\GPMS.Application\GPMS.Application.csproj]
C:\Users\ASUS\OneDrive\M├íy t├¡nh\Workspace\Theory\2026_Spring\GraduationProjectManagementSystem\GPMS.Application\Services\LecturerService.cs(352,41): error CS1061: 'ChecklistItem' does not contain a definition for 'GoodRubric' and no accessible extension method 'GoodRubric' accepting a first argument of type 'ChecklistItem' could be found (are you missing a using directive or an assembly reference?) [C:\Users\ASUS\OneDrive\M├íy t├¡nh\Workspace\Theory\2026_Spring\GraduationProjectManagementSystem\GPMS.Application\GPMS.Application.csproj]
C:\Users\ASUS\OneDrive\M├íy t├¡nh\Workspace\Theory\2026_Spring\GraduationProjectManagementSystem\GPMS.Application\Services\LecturerService.cs(353,47): error CS1061: 'ChecklistItem' does not contain a definition for 'AcceptableRubric' and no accessible extension method 'AcceptableRubric' accepting a first argument of type 'ChecklistItem' could be found (are you missing a using directive or an assembly reference?) [C:\Users\ASUS\OneDrive\M├íy t├¡nh\Workspace\Theory\2026_Spring\GraduationProjectManagementSystem\GPMS.Application\GPMS.Application.csproj]
C:\Users\ASUS\OneDrive\M├íy t├¡nh\Workspace\Theory\2026_Spring\GraduationProjectManagementSystem\GPMS.Application\Services\LecturerService.cs(354,41): error CS1061: 'ChecklistItem' does not contain a definition for 'FailRubric' and no accessible extension method 'FailRubric' accepting a first argument of type 'ChecklistItem' could be found (are you missing a using directive or an assembly reference?) [C:\Users\ASUS\OneDrive\M├íy t├¡nh\Workspace\Theory\2026_Spring\GraduationProjectManagementSystem\GPMS.Application\GPMS.Application.csproj]
C:\Users\ASUS\OneDrive\M├íy t├¡nh\Workspace\Theory\2026_Spring\GraduationProjectManagementSystem\GPMS.Application\Services\LecturerService.cs(451,32): error CS1061: 'Evaluation' does not contain a definition for 'TotalScore' and no accessible extension method 'TotalScore' accepting a first argument of type 'Evaluation' could be found (are you missing a using directive or an assembly reference?) [C:\Users\ASUS\OneDrive\M├íy t├¡nh\Workspace\Theory\2026_Spring\GraduationProjectManagementSystem\GPMS.Application\GPMS.Application.csproj]
C:\Users\ASUS\OneDrive\M├íy t├¡nh\Workspace\Theory\2026_Spring\GraduationProjectManagementSystem\GPMS.Application\Services\LecturerService.cs(526,38): error CS1061: 'ChecklistItem' does not contain a definition for 'SectionCode' and no accessible extension method 'SectionCode' accepting a first argument of type 'ChecklistItem' could be found (are you missing a using directive or an assembly reference?) [C:\Users\ASUS\OneDrive\M├íy t├¡nh\Workspace\Theory\2026_Spring\GraduationProjectManagementSystem\GPMS.Application\GPMS.Application.csproj]
C:\Users\ASUS\OneDrive\M├íy t├¡nh\Workspace\Theory\2026_Spring\GraduationProjectManagementSystem\GPMS.Application\Services\LecturerService.cs(527,39): error CS1061: 'ChecklistItem' does not contain a definition for 'SectionTitle' and no accessible extension method 'SectionTitle' accepting a first argument of type 'ChecklistItem' could be found (are you missing a using directive or an assembly reference?) [C:\Users\ASUS\OneDrive\M├íy t├¡nh\Workspace\Theory\2026_Spring\GraduationProjectManagementSystem\GPMS.Application\GPMS.Application.csproj]
C:\Users\ASUS\OneDrive\M├íy t├¡nh\Workspace\Theory\2026_Spring\GraduationProjectManagementSystem\GPMS.Application\Services\LecturerService.cs(528,40): error CS1061: 'ChecklistItem' does not contain a definition for 'PriorityLabel' and no accessible extension method 'PriorityLabel' accepting a first argument of type 'ChecklistItem' could be found (are you missing a using directive or an assembly reference?) [C:\Users\ASUS\OneDrive\M├íy t├¡nh\Workspace\Theory\2026_Spring\GraduationProjectManagementSystem\GPMS.Application\GPMS.Application.csproj]
C:\Users\ASUS\OneDrive\M├íy t├¡nh\Workspace\Theory\2026_Spring\GraduationProjectManagementSystem\GPMS.Application\Services\LecturerService.cs(529,36): error CS1061: 'ChecklistItem' does not contain a definition for 'InputType' and no accessible extension method 'InputType' accepting a first argument of type 'ChecklistItem' could be found (are you missing a using directive or an assembly reference?) [C:\Users\ASUS\OneDrive\M├íy t├¡nh\Workspace\Theory\2026_Spring\GraduationProjectManagementSystem\GPMS.Application\GPMS.Application.csproj]
C:\Users\ASUS\OneDrive\M├íy t├¡nh\Workspace\Theory\2026_Spring\GraduationProjectManagementSystem\GPMS.Application\Services\LecturerService.cs(530,35): error CS1061: 'ChecklistItem' does not contain a definition for 'MaxScore' and no accessible extension method 'MaxScore' accepting a first argument of type 'ChecklistItem' could be found (are you missing a using directive or an assembly reference?) [C:\Users\ASUS\OneDrive\M├íy t├¡nh\Workspace\Theory\2026_Spring\GraduationProjectManagementSystem\GPMS.Application\GPMS.Application.csproj]
C:\Users\ASUS\OneDrive\M├íy t├¡nh\Workspace\Theory\2026_Spring\GraduationProjectManagementSystem\GPMS.Application\Services\LecturerService.cs(531,33): error CS1061: 'ChecklistItem' does not contain a definition for 'Weight' and no accessible extension method 'Weight' accepting a first argument of type 'ChecklistItem' could be found (are you missing a using directive or an assembly reference?) [C:\Users\ASUS\OneDrive\M├íy t├¡nh\Workspace\Theory\2026_Spring\GraduationProjectManagementSystem\GPMS.Application\GPMS.Application.csproj]
C:\Users\ASUS\OneDrive\M├íy t├¡nh\Workspace\Theory\2026_Spring\GraduationProjectManagementSystem\GPMS.Application\Services\LecturerService.cs(532,42): error CS1061: 'ChecklistItem' does not contain a definition for 'ExcellentRubric' and no accessible extension method 'ExcellentRubric' accepting a first argument of type 'ChecklistItem' could be found (are you missing a using directive or an assembly reference?) [C:\Users\ASUS\OneDrive\M├íy t├¡nh\Workspace\Theory\2026_Spring\GraduationProjectManagementSystem\GPMS.Application\GPMS.Application.csproj]
C:\Users\ASUS\OneDrive\M├íy t├¡nh\Workspace\Theory\2026_Spring\GraduationProjectManagementSystem\GPMS.Application\Services\LecturerService.cs(533,37): error CS1061: 'ChecklistItem' does not contain a definition for 'GoodRubric' and no accessible extension method 'GoodRubric' accepting a first argument of type 'ChecklistItem' could be found (are you missing a using directive or an assembly reference?) [C:\Users\ASUS\OneDrive\M├íy t├¡nh\Workspace\Theory\2026_Spring\GraduationProjectManagementSystem\GPMS.Application\GPMS.Application.csproj]
C:\Users\ASUS\OneDrive\M├íy t├¡nh\Workspace\Theory\2026_Spring\GraduationProjectManagementSystem\GPMS.Application\Services\LecturerService.cs(534,43): error CS1061: 'ChecklistItem' does not contain a definition for 'AcceptableRubric' and no accessible extension method 'AcceptableRubric' accepting a first argument of type 'ChecklistItem' could be found (are you missing a using directive or an assembly reference?) [C:\Users\ASUS\OneDrive\M├íy t├¡nh\Workspace\Theory\2026_Spring\GraduationProjectManagementSystem\GPMS.Application\GPMS.Application.csproj]
C:\Users\ASUS\OneDrive\M├íy t├¡nh\Workspace\Theory\2026_Spring\GraduationProjectManagementSystem\GPMS.Application\Services\LecturerService.cs(535,37): error CS1061: 'ChecklistItem' does not contain a definition for 'FailRubric' and no accessible extension method 'FailRubric' accepting a first argument of type 'ChecklistItem' could be found (are you missing a using directive or an assembly reference?) [C:\Users\ASUS\OneDrive\M├íy t├¡nh\Workspace\Theory\2026_Spring\GraduationProjectManagementSystem\GPMS.Application\GPMS.Application.csproj]
C:\Users\ASUS\OneDrive\M├íy t├¡nh\Workspace\Theory\2026_Spring\GraduationProjectManagementSystem\GPMS.Application\Services\LecturerService.cs(544,31): error CS1061: 'EvaluationDetail' does not contain a definition for 'Score' and no accessible extension method 'Score' accepting a first argument of type 'EvaluationDetail' could be found (are you missing a using directive or an assembly reference?) [C:\Users\ASUS\OneDrive\M├íy t├¡nh\Workspace\Theory\2026_Spring\GraduationProjectManagementSystem\GPMS.Application\GPMS.Application.csproj]
C:\Users\ASUS\OneDrive\M├íy t├¡nh\Workspace\Theory\2026_Spring\GraduationProjectManagementSystem\GPMS.Application\Services\LecturerService.cs(545,41): error CS1061: 'EvaluationDetail' does not contain a definition for 'AssessmentValue' and no accessible extension method 'AssessmentValue' accepting a first argument of type 'EvaluationDetail' could be found (are you missing a using directive or an assembly reference?) [C:\Users\ASUS\OneDrive\M├íy t├¡nh\Workspace\Theory\2026_Spring\GraduationProjectManagementSystem\GPMS.Application\GPMS.Application.csproj]
C:\Users\ASUS\OneDrive\M├íy t├¡nh\Workspace\Theory\2026_Spring\GraduationProjectManagementSystem\GPMS.Application\Services\LecturerService.cs(591,22): error CS1061: 'ChecklistItem' does not contain a definition for 'InputType' and no accessible extension method 'InputType' accepting a first argument of type 'ChecklistItem' could be found (are you missing a using directive or an assembly reference?) [C:\Users\ASUS\OneDrive\M├íy t├¡nh\Workspace\Theory\2026_Spring\GraduationProjectManagementSystem\GPMS.Application\GPMS.Application.csproj]
C:\Users\ASUS\OneDrive\M├íy t├¡nh\Workspace\Theory\2026_Spring\GraduationProjectManagementSystem\GPMS.Application\Services\LecturerService.cs(627,17): error CS0117: 'Evaluation' does not contain a definition for 'TotalScore' [C:\Users\ASUS\OneDrive\M├íy t├¡nh\Workspace\Theory\2026_Spring\GraduationProjectManagementSystem\GPMS.Application\GPMS.Application.csproj]
C:\Users\ASUS\OneDrive\M├íy t├¡nh\Workspace\Theory\2026_Spring\GraduationProjectManagementSystem\GPMS.Application\Services\LecturerService.cs(633,21): error CS0117: 'EvaluationDetail' does not contain a definition for 'Score' [C:\Users\ASUS\OneDrive\M├íy t├¡nh\Workspace\Theory\2026_Spring\GraduationProjectManagementSystem\GPMS.Application\GPMS.Application.csproj]
C:\Users\ASUS\OneDrive\M├íy t├¡nh\Workspace\Theory\2026_Spring\GraduationProjectManagementSystem\GPMS.Application\Services\LecturerService.cs(634,21): error CS0117: 'EvaluationDetail' does not contain a definition for 'AssessmentValue' [C:\Users\ASUS\OneDrive\M├íy t├¡nh\Workspace\Theory\2026_Spring\GraduationProjectManagementSystem\GPMS.Application\GPMS.Application.csproj]
C:\Users\ASUS\OneDrive\M├íy t├¡nh\Workspace\Theory\2026_Spring\GraduationProjectManagementSystem\GPMS.Application\Services\LecturerService.cs(664,28): error CS1061: 'Evaluation' does not contain a definition for 'TotalScore' and no accessible extension method 'TotalScore' accepting a first argument of type 'Evaluation' could be found (are you missing a using directive or an assembly reference?) [C:\Users\ASUS\OneDrive\M├íy t├¡nh\Workspace\Theory\2026_Spring\GraduationProjectManagementSystem\GPMS.Application\GPMS.Application.csproj]
C:\Users\ASUS\OneDrive\M├íy t├¡nh\Workspace\Theory\2026_Spring\GraduationProjectManagementSystem\GPMS.Application\Services\LecturerService.cs(677,21): error CS0117: 'EvaluationDetail' does not contain a definition for 'Score' [C:\Users\ASUS\OneDrive\M├íy t├¡nh\Workspace\Theory\2026_Spring\GraduationProjectManagementSystem\GPMS.Application\GPMS.Application.csproj]
C:\Users\ASUS\OneDrive\M├íy t├¡nh\Workspace\Theory\2026_Spring\GraduationProjectManagementSystem\GPMS.Application\Services\LecturerService.cs(678,21): error CS0117: 'EvaluationDetail' does not contain a definition for 'AssessmentValue' [C:\Users\ASUS\OneDrive\M├íy t├¡nh\Workspace\Theory\2026_Spring\GraduationProjectManagementSystem\GPMS.Application\GPMS.Application.csproj]
C:\Users\ASUS\OneDrive\M├íy t├¡nh\Workspace\Theory\2026_Spring\GraduationProjectManagementSystem\GPMS.Application\Services\LecturerService.cs(685,24): error CS1061: 'EvaluationDetail' does not contain a definition for 'Score' and no accessible extension method 'Score' accepting a first argument of type 'EvaluationDetail' could be found (are you missing a using directive or an assembly reference?) [C:\Users\ASUS\OneDrive\M├íy t├¡nh\Workspace\Theory\2026_Spring\GraduationProjectManagementSystem\GPMS.Application\GPMS.Application.csproj]
C:\Users\ASUS\OneDrive\M├íy t├¡nh\Workspace\Theory\2026_Spring\GraduationProjectManagementSystem\GPMS.Application\Services\LecturerService.cs(686,24): error CS1061: 'EvaluationDetail' does not contain a definition for 'AssessmentValue' and no accessible extension method 'AssessmentValue' accepting a first argument of type 'EvaluationDetail' could be found (are you missing a using directive or an assembly reference?) [C:\Users\ASUS\OneDrive\M├íy t├¡nh\Workspace\Theory\2026_Spring\GraduationProjectManagementSystem\GPMS.Application\GPMS.Application.csproj]
C:\Users\ASUS\OneDrive\M├íy t├¡nh\Workspace\Theory\2026_Spring\GraduationProjectManagementSystem\GPMS.Application\Services\LecturerService.cs(1058,21): error CS1061: 'ChecklistItem' does not contain a definition for 'InputType' and no accessible extension method 'InputType' accepting a first argument of type 'ChecklistItem' could be found (are you missing a using directive or an assembly reference?) [C:\Users\ASUS\OneDrive\M├íy t├¡nh\Workspace\Theory\2026_Spring\GraduationProjectManagementSystem\GPMS.Application\GPMS.Application.csproj]
C:\Users\ASUS\OneDrive\M├íy t├¡nh\Workspace\Theory\2026_Spring\GraduationProjectManagementSystem\GPMS.Application\Services\LecturerService.cs(1074,32): error CS1061: 'ChecklistItem' does not contain a definition for 'MaxScore' and no accessible extension method 'MaxScore' accepting a first argument of type 'ChecklistItem' could be found (are you missing a using directive or an assembly reference?) [C:\Users\ASUS\OneDrive\M├íy t├¡nh\Workspace\Theory\2026_Spring\GraduationProjectManagementSystem\GPMS.Application\GPMS.Application.csproj]
C:\Users\ASUS\OneDrive\M├íy t├¡nh\Workspace\Theory\2026_Spring\GraduationProjectManagementSystem\GPMS.Application\Services\LecturerService.cs(1082,25): error CS1061: 'ChecklistItem' does not contain a definition for 'InputType' and no accessible extension method 'InputType' accepting a first argument of type 'ChecklistItem' could be found (are you missing a using directive or an assembly reference?) [C:\Users\ASUS\OneDrive\M├íy t├¡nh\Workspace\Theory\2026_Spring\GraduationProjectManagementSystem\GPMS.Application\GPMS.Application.csproj]
C:\Users\ASUS\OneDrive\M├íy t├¡nh\Workspace\Theory\2026_Spring\GraduationProjectManagementSystem\GPMS.Application\Services\LecturerService.cs(1085,21): error CS1061: 'ChecklistItem' does not contain a definition for 'InputType' and no accessible extension method 'InputType' accepting a first argument of type 'ChecklistItem' could be found (are you missing a using directive or an assembly reference?) [C:\Users\ASUS\OneDrive\M├íy t├¡nh\Workspace\Theory\2026_Spring\GraduationProjectManagementSystem\GPMS.Application\GPMS.Application.csproj]
C:\Users\ASUS\OneDrive\M├íy t├¡nh\Workspace\Theory\2026_Spring\GraduationProjectManagementSystem\GPMS.Application\Services\LecturerService.cs(1103,33): error CS1061: 'ChecklistItem' does not contain a definition for 'ExcellentRubric' and no accessible extension method 'ExcellentRubric' accepting a first argument of type 'ChecklistItem' could be found (are you missing a using directive or an assembly reference?) [C:\Users\ASUS\OneDrive\M├íy t├¡nh\Workspace\Theory\2026_Spring\GraduationProjectManagementSystem\GPMS.Application\GPMS.Application.csproj]
C:\Users\ASUS\OneDrive\M├íy t├¡nh\Workspace\Theory\2026_Spring\GraduationProjectManagementSystem\GPMS.Application\Services\LecturerService.cs(1104,28): error CS1061: 'ChecklistItem' does not contain a definition for 'GoodRubric' and no accessible extension method 'GoodRubric' accepting a first argument of type 'ChecklistItem' could be found (are you missing a using directive or an assembly reference?) [C:\Users\ASUS\OneDrive\M├íy t├¡nh\Workspace\Theory\2026_Spring\GraduationProjectManagementSystem\GPMS.Application\GPMS.Application.csproj]
C:\Users\ASUS\OneDrive\M├íy t├¡nh\Workspace\Theory\2026_Spring\GraduationProjectManagementSystem\GPMS.Application\Services\LecturerService.cs(1105,34): error CS1061: 'ChecklistItem' does not contain a definition for 'AcceptableRubric' and no accessible extension method 'AcceptableRubric' accepting a first argument of type 'ChecklistItem' could be found (are you missing a using directive or an assembly reference?) [C:\Users\ASUS\OneDrive\M├íy t├¡nh\Workspace\Theory\2026_Spring\GraduationProjectManagementSystem\GPMS.Application\GPMS.Application.csproj]
C:\Users\ASUS\OneDrive\M├íy t├¡nh\Workspace\Theory\2026_Spring\GraduationProjectManagementSystem\GPMS.Application\Services\LecturerService.cs(1106,28): error CS1061: 'ChecklistItem' does not contain a definition for 'FailRubric' and no accessible extension method 'FailRubric' accepting a first argument of type 'ChecklistItem' could be found (are you missing a using directive or an assembly reference?) [C:\Users\ASUS\OneDrive\M├íy t├¡nh\Workspace\Theory\2026_Spring\GraduationProjectManagementSystem\GPMS.Application\GPMS.Application.csproj]
    2 Warning(s)
    45 Error(s)

Time Elapsed 00:00:01.88

Workload updates are available. Run `dotnet workload list` for more information.
